2026-06-23 09:00:01,652 - INFO - Starting to fetch all job postings.
2026-06-23 09:00:01,666 - INFO - Fetching job details for Abbvie.
2026-06-23 09:00:02,533 - INFO - Fetched 5 jobs for Abbvie.
2026-06-23 09:00:02,534 - INFO - Fetching job details for Amgen.
2026-06-23 09:00:03,305 - INFO - Fetched 0 jobs for Amgen.
2026-06-23 09:00:03,307 - INFO - Fetching job details for APC.
2026-06-23 09:00:03,468 - INFO - Fetched 7 jobs for APC.
2026-06-23 09:00:03,470 - INFO - Fetching job details for Astellas.
2026-06-23 09:00:06,606 - INFO - Fetched 15 jobs for Astellas.
2026-06-23 09:00:06,607 - INFO - Fetching job details for Astrazeneca.
2026-06-23 09:00:07,482 - INFO - Fetched 12 jobs for Astrazeneca.
2026-06-23 09:00:07,484 - INFO - Fetching job details for Takeda.
2026-06-23 09:00:08,582 - INFO - Fetched 12 jobs for Takeda.
2026-06-23 09:00:08,583 - INFO - Fetching job details for Vle.
2026-06-23 09:00:09,358 - INFO - Fetched 1 jobs for Vle.
2026-06-23 09:00:09,359 - INFO - Completed fetching all job postings.
2026-06-23 09:00:09,360 - INFO - New job postings found: 2 companies with new jobs.
2026-06-23 09:00:11,318 - INFO - Email sent successfully.
2026-06-23 09:00:11,318 - INFO - Astellas:
2026-06-23 09:00:11,319 - INFO - {
    "company": "Astellas",
    "title": "Production Operator",
    "application url": "https://astellas.avature.net/en_GB/careers/JobDetail/Production-Operator/6818",
    "job portal link": "https://astellas.avature.net/en_GB/careers/SearchJobs/?1329=%5B180801%5D&1329_format=1348&listFilterMode=1&jobOffset=10"
}
2026-06-23 09:00:11,319 - INFO - Astrazeneca:
2026-06-23 09:00:11,319 - INFO - {
    "company": "Astrazeneca",
    "title": "Director, IT Business Partner Global Supply Chain",
    "application url": "https://careers.astrazeneca.com//job/dublin/director-it-business-partner-global-supply-chain/43991/92410550224",
    "job portal link": "https://careers.astrazeneca.com/location/ireland-jobs/7684/2963597/2"
}
2026-06-23 09:00:11,321 - INFO - Job data updated successfully.
2026-06-23 10:00:01,253 - INFO - Starting to fetch all job postings.
2026-06-23 10:00:01,253 - INFO - Fetching job details for Abbvie.
2026-06-23 10:00:02,085 - INFO - Fetched 5 jobs for Abbvie.
2026-06-23 10:00:02,086 - INFO - Fetching job details for Amgen.
2026-06-23 10:00:02,861 - INFO - Fetched 0 jobs for Amgen.
2026-06-23 10:00:02,863 - INFO - Fetching job details for APC.
2026-06-23 10:00:03,031 - INFO - Fetched 7 jobs for APC.
2026-06-23 10:00:03,032 - INFO - Fetching job details for Astellas.
2026-06-23 10:00:06,264 - INFO - Fetched 15 jobs for Astellas.
2026-06-23 10:00:06,265 - INFO - Fetching job details for Astrazeneca.
2026-06-23 10:00:06,739 - INFO - Fetched 12 jobs for Astrazeneca.
2026-06-23 10:00:06,741 - INFO - Fetching job details for Takeda.
2026-06-23 10:00:07,835 - INFO - Fetched 12 jobs for Takeda.
2026-06-23 10:00:07,836 - INFO - Fetching job details for Vle.
2026-06-23 10:00:08,086 - INFO - Fetched 1 jobs for Vle.
2026-06-23 10:00:08,088 - INFO - Completed fetching all job postings.
2026-06-23 10:00:08,088 - INFO - No new job postings found.
2026-06-23 10:00:08,093 - INFO - Job data updated successfully.
2026-06-23 11:00:00,862 - INFO - Starting to fetch all job postings.
2026-06-23 11:00:00,862 - INFO - Fetching job details for Abbvie.
2026-06-23 11:00:01,624 - INFO - Fetched 6 jobs for Abbvie.
2026-06-23 11:00:01,626 - INFO - Fetching job details for Amgen.
2026-06-23 11:00:03,546 - INFO - Fetched 0 jobs for Amgen.
2026-06-23 11:00:03,548 - INFO - Fetching job details for APC.
2026-06-23 11:00:03,704 - INFO - Fetched 7 jobs for APC.
2026-06-23 11:00:03,705 - INFO - Fetching job details for Astellas.
2026-06-23 11:00:06,745 - INFO - Fetched 15 jobs for Astellas.
2026-06-23 11:00:06,747 - INFO - Fetching job details for Astrazeneca.
2026-06-23 11:00:07,121 - INFO - Fetched 12 jobs for Astrazeneca.
2026-06-23 11:00:07,122 - INFO - Fetching job details for Takeda.
2026-06-23 11:00:07,425 - INFO - Fetched 12 jobs for Takeda.
2026-06-23 11:00:07,426 - INFO - Fetching job details for Vle.
2026-06-23 11:00:07,679 - INFO - Fetched 1 jobs for Vle.
2026-06-23 11:00:07,680 - INFO - Completed fetching all job postings.
2026-06-23 11:00:07,680 - INFO - New job postings found: 1 companies with new jobs.
2026-06-23 11:00:12,591 - INFO - Email sent successfully.
2026-06-23 11:00:12,592 - INFO - Abbvie:
2026-06-23 11:00:12,592 - INFO - {
    "company": "Abbvie",
    "title": "Warehouse Supervisor",
    "application link": "https://careers.abbvie.com/en/job/warehouse-supervisor-in-dublin-county-dublin-jid-29542",
    "job portal link": "https://careers.abbvie.com/en/jobs?q=&options=&page=1&la=53.3498053&lo=-6.2603097&ln=Dublin,%20Ireland&lr=100"
}
2026-06-23 11:00:12,594 - INFO - Job data updated successfully.
2026-06-23 12:00:00,854 - INFO - Starting to fetch all job postings.
2026-06-23 12:00:00,854 - INFO - Fetching job details for Abbvie.
2026-06-23 12:00:01,514 - INFO - Fetched 6 jobs for Abbvie.
2026-06-23 12:00:01,515 - INFO - Fetching job details for Amgen.
2026-06-23 12:00:02,248 - INFO - Fetched 0 jobs for Amgen.
2026-06-23 12:00:02,250 - INFO - Fetching job details for APC.
2026-06-23 12:00:02,423 - INFO - Fetched 7 jobs for APC.
2026-06-23 12:00:02,424 - INFO - Fetching job details for Astellas.
2026-06-23 12:00:05,550 - INFO - Fetched 16 jobs for Astellas.
2026-06-23 12:00:05,551 - INFO - Fetching job details for Astrazeneca.
2026-06-23 12:00:06,886 - INFO - Fetched 12 jobs for Astrazeneca.
2026-06-23 12:00:06,887 - INFO - Fetching job details for Takeda.
2026-06-23 12:00:07,130 - INFO - Fetched 12 jobs for Takeda.
2026-06-23 12:00:07,131 - INFO - Fetching job details for Vle.
2026-06-23 12:00:07,381 - INFO - Fetched 1 jobs for Vle.
2026-06-23 12:00:07,382 - INFO - Completed fetching all job postings.
2026-06-23 12:00:07,383 - INFO - New job postings found: 1 companies with new jobs.
2026-06-23 12:00:08,727 - INFO - Email sent successfully.
2026-06-23 12:00:08,727 - INFO - Astellas:
2026-06-23 12:00:08,727 - INFO - {
    "company": "Astellas",
    "title": "Lead Pharma Manu PPM CMC",
    "application url": "https://astellas.avature.net/en_GB/careers/JobDetail/Lead-Pharma-Manu-PPM-CMC/6839",
    "job portal link": "https://astellas.avature.net/en_GB/careers/SearchJobs/?1329=%5B180801%5D&1329_format=1348&listFilterMode=1&jobOffset=10"
}
2026-06-23 12:00:08,729 - INFO - Job data updated successfully.
2026-06-23 13:00:00,938 - INFO - Starting to fetch all job postings.
2026-06-23 13:00:00,938 - INFO - Fetching job details for Abbvie.
2026-06-23 13:00:01,968 - INFO - Fetched 6 jobs for Abbvie.
2026-06-23 13:00:01,970 - INFO - Fetching job details for Amgen.
2026-06-23 13:00:02,841 - INFO - Fetched 0 jobs for Amgen.
2026-06-23 13:00:02,843 - INFO - Fetching job details for APC.
2026-06-23 13:00:02,997 - INFO - Fetched 7 jobs for APC.
2026-06-23 13:00:02,998 - INFO - Fetching job details for Astellas.
2026-06-23 13:00:06,141 - INFO - Fetched 16 jobs for Astellas.
2026-06-23 13:00:06,143 - INFO - Fetching job details for Astrazeneca.
2026-06-23 13:00:06,439 - INFO - Fetched 12 jobs for Astrazeneca.
2026-06-23 13:00:06,440 - INFO - Fetching job details for Takeda.
2026-06-23 13:00:06,805 - INFO - Fetched 12 jobs for Takeda.
2026-06-23 13:00:06,807 - INFO - Fetching job details for Vle.
2026-06-23 13:00:07,077 - INFO - Fetched 1 jobs for Vle.
2026-06-23 13:00:07,078 - INFO - Completed fetching all job postings.
2026-06-23 13:00:07,079 - INFO - No new job postings found.
2026-06-23 13:00:07,080 - INFO - Job data updated successfully.
2026-06-23 14:00:00,962 - INFO - Starting to fetch all job postings.
2026-06-23 14:00:00,962 - INFO - Fetching job details for Abbvie.
2026-06-23 14:00:02,199 - INFO - Fetched 6 jobs for Abbvie.
2026-06-23 14:00:02,200 - INFO - Fetching job details for Amgen.
2026-06-23 14:00:02,919 - INFO - Fetched 0 jobs for Amgen.
2026-06-23 14:00:02,921 - INFO - Fetching job details for APC.
2026-06-23 14:00:03,089 - INFO - Fetched 7 jobs for APC.
2026-06-23 14:00:03,091 - INFO - Fetching job details for Astellas.
2026-06-23 14:00:06,064 - INFO - Fetched 16 jobs for Astellas.
2026-06-23 14:00:06,065 - INFO - Fetching job details for Astrazeneca.
2026-06-23 14:00:07,606 - INFO - Fetched 13 jobs for Astrazeneca.
2026-06-23 14:00:07,607 - INFO - Fetching job details for Takeda.
2026-06-23 14:00:07,910 - INFO - Fetched 12 jobs for Takeda.
2026-06-23 14:00:07,912 - INFO - Fetching job details for Vle.
2026-06-23 14:00:08,159 - INFO - Fetched 1 jobs for Vle.
2026-06-23 14:00:08,160 - INFO - Completed fetching all job postings.
2026-06-23 14:00:08,161 - INFO - New job postings found: 1 companies with new jobs.
2026-06-23 14:00:09,546 - INFO - Email sent successfully.
2026-06-23 14:00:09,547 - INFO - Astrazeneca:
2026-06-23 14:00:09,547 - INFO - {
    "company": "Astrazeneca",
    "title": "Advanced Manufacturing Technician (API) APICOM",
    "application url": "https://careers.astrazeneca.com//job/dublin/advanced-manufacturing-technician-api-apicom/7684/95120155376",
    "job portal link": "https://careers.astrazeneca.com/location/ireland-jobs/7684/2963597/2"
}
2026-06-23 14:00:09,555 - INFO - Job data updated successfully.
2026-06-23 15:00:00,673 - INFO - Starting to fetch all job postings.
2026-06-23 15:00:00,673 - INFO - Fetching job details for Abbvie.
2026-06-23 15:00:01,681 - INFO - Fetched 6 jobs for Abbvie.
2026-06-23 15:00:01,682 - INFO - Fetching job details for Amgen.
2026-06-23 15:00:04,087 - INFO - Fetched 0 jobs for Amgen.
2026-06-23 15:00:04,088 - INFO - Fetching job details for APC.
2026-06-23 15:00:04,261 - INFO - Fetched 7 jobs for APC.
2026-06-23 15:00:04,262 - INFO - Fetching job details for Astellas.
2026-06-23 15:00:07,491 - INFO - Fetched 16 jobs for Astellas.
2026-06-23 15:00:07,493 - INFO - Fetching job details for Astrazeneca.
2026-06-23 15:00:07,789 - INFO - Fetched 13 jobs for Astrazeneca.
2026-06-23 15:00:07,790 - INFO - Fetching job details for Takeda.
2026-06-23 15:00:08,341 - INFO - Fetched 12 jobs for Takeda.
2026-06-23 15:00:08,342 - INFO - Fetching job details for Vle.
2026-06-23 15:00:08,561 - INFO - Fetched 1 jobs for Vle.
2026-06-23 15:00:08,563 - INFO - Completed fetching all job postings.
2026-06-23 15:00:08,563 - INFO - No new job postings found.
2026-06-23 15:00:08,564 - INFO - Job data updated successfully.
2026-06-23 16:00:01,526 - INFO - Starting to fetch all job postings.
2026-06-23 16:00:01,526 - INFO - Fetching job details for Abbvie.
2026-06-23 16:00:02,257 - INFO - Fetched 6 jobs for Abbvie.
2026-06-23 16:00:02,258 - INFO - Fetching job details for Amgen.
2026-06-23 16:00:03,286 - INFO - Fetched 0 jobs for Amgen.
2026-06-23 16:00:03,288 - INFO - Fetching job details for APC.
2026-06-23 16:00:03,466 - INFO - Fetched 7 jobs for APC.
2026-06-23 16:00:03,467 - INFO - Fetching job details for Astellas.
2026-06-23 16:00:06,637 - INFO - Fetched 14 jobs for Astellas.
2026-06-23 16:00:06,638 - INFO - Fetching job details for Astrazeneca.
2026-06-23 16:00:07,120 - INFO - Fetched 13 jobs for Astrazeneca.
2026-06-23 16:00:07,121 - INFO - Fetching job details for Takeda.
2026-06-23 16:00:07,966 - INFO - Fetched 12 jobs for Takeda.
2026-06-23 16:00:07,967 - INFO - Fetching job details for Vle.
2026-06-23 16:00:08,196 - INFO - Fetched 1 jobs for Vle.
2026-06-23 16:00:08,198 - INFO - Completed fetching all job postings.
2026-06-23 16:00:08,198 - INFO - No new job postings found.
2026-06-23 16:00:08,201 - INFO - Job data updated successfully.
2026-06-23 17:00:01,002 - INFO - Starting to fetch all job postings.
2026-06-23 17:00:01,003 - INFO - Fetching job details for Abbvie.
2026-06-23 17:00:02,021 - INFO - Fetched 6 jobs for Abbvie.
2026-06-23 17:00:02,023 - INFO - Fetching job details for Amgen.
2026-06-23 17:00:04,182 - INFO - Fetched 0 jobs for Amgen.
2026-06-23 17:00:04,183 - INFO - Fetching job details for APC.
2026-06-23 17:00:04,351 - INFO - Fetched 7 jobs for APC.
2026-06-23 17:00:04,352 - INFO - Fetching job details for Astellas.
2026-06-23 17:00:07,212 - INFO - Fetched 14 jobs for Astellas.
2026-06-23 17:00:07,214 - INFO - Fetching job details for Astrazeneca.
2026-06-23 17:00:08,625 - INFO - Fetched 13 jobs for Astrazeneca.
2026-06-23 17:00:08,627 - INFO - Fetching job details for Takeda.
2026-06-23 17:00:08,945 - INFO - Fetched 12 jobs for Takeda.
2026-06-23 17:00:08,946 - INFO - Fetching job details for Vle.
2026-06-23 17:00:09,196 - INFO - Fetched 1 jobs for Vle.
2026-06-23 17:00:09,198 - INFO - Completed fetching all job postings.
2026-06-23 17:00:09,199 - INFO - No new job postings found.
2026-06-23 17:00:09,207 - INFO - Job data updated successfully.
2026-06-23 18:00:01,525 - INFO - Starting to fetch all job postings.
2026-06-23 18:00:01,525 - INFO - Fetching job details for Abbvie.
2026-06-23 18:00:03,819 - INFO - Fetched 6 jobs for Abbvie.
2026-06-23 18:00:03,820 - INFO - Fetching job details for Amgen.
2026-06-23 18:00:07,075 - INFO - Fetched 0 jobs for Amgen.
2026-06-23 18:00:07,077 - INFO - Fetching job details for APC.
2026-06-23 18:00:08,299 - INFO - Fetched 7 jobs for APC.
2026-06-23 18:00:08,301 - INFO - Fetching job details for Astellas.
2026-06-23 18:00:14,136 - INFO - Fetched 14 jobs for Astellas.
2026-06-23 18:00:14,138 - INFO - Fetching job details for Astrazeneca.
2026-06-23 18:00:18,580 - INFO - Fetched 13 jobs for Astrazeneca.
2026-06-23 18:00:18,582 - INFO - Fetching job details for Takeda.
2026-06-23 18:00:21,922 - INFO - Fetched 12 jobs for Takeda.
2026-06-23 18:00:21,924 - INFO - Fetching job details for Vle.
2026-06-23 18:00:23,570 - INFO - Fetched 1 jobs for Vle.
2026-06-23 18:00:23,572 - INFO - Completed fetching all job postings.
2026-06-23 18:00:23,579 - INFO - No new job postings found.
2026-06-23 18:00:23,582 - INFO - Job data updated successfully.
